// Jest Snapshot v1, https://goo.gl/fbAQLP

exports[`App component renders App 1`] = `
<BrowserRouter>
  <div
    className="header"
  >
    <Header />
  </div>
  <div
    className="theRest"
  >
    <Switch>
      <Route
        component={[Function]}
        exact={true}
        path="/"
      />
      <Route
        component={[Function]}
        path="/character/:id"
      />
    </Switch>
  </div>
</BrowserRouter>
`;
